// Jest Snapshot v1, https://goo.gl/fbAQLP

exports[`about view renders the component 1`] = `
<div>
  <show-stub></show-stub>
</div>
`;
