// Jest Snapshot v1, https://goo.gl/fbAQLP

exports[`detail view renders the component 1`] = `
<div>
  <food-stub></food-stub>
</div>
`;
